// Vitest Snapshot v1, https://vitest.dev/guide/snapshot.html

exports[`App snapshot > renders three panes 1`] = `
<DocumentFragment>
  <div
    class="app-grid"
  >
    <header
      class="header"
    >
      <h1>
        EVM Tool UI Shell
      </h1>
    </header>
    <section
      class="gantt"
    >
      <div>
        <div
          class="panel-title"
        >
          ガント（ダミー）
        </div>
        <canvas
          style="width: 100%; height: 240px;"
        />
      </div>
    </section>
    <section
      class="tasks"
    >
      <div>
        <div
          class="panel-title"
        >
          タスク一覧
        </div>
        <table
          class="table"
        >
          <thead>
            <tr>
              <th>
                名前
              </th>
              <th>
                開始
              </th>
              <th>
                終了
              </th>
              <th>
                %
              </th>
            </tr>
          </thead>
          <tbody>
            <tr>
              <td>
                企画
              </td>
              <td>
                2024-01-01
              </td>
              <td>
                2024-01-05
              </td>
              <td
                style="text-align: right;"
              >
                60
              </td>
            </tr>
            <tr>
              <td>
                設計
              </td>
              <td>
                2024-01-03
              </td>
              <td>
                2024-01-10
              </td>
              <td
                style="text-align: right;"
              >
                30
              </td>
            </tr>
            <tr>
              <td>
                実装
              </td>
              <td>
                2024-01-08
              </td>
              <td>
                2024-01-15
              </td>
              <td
                style="text-align: right;"
              >
                10
              </td>
            </tr>
          </tbody>
        </table>
      </div>
    </section>
    <aside
      class="evm"
    >
      <div
        class="card"
      >
        <div
          class="panel-title"
        >
          EVM（ダミー）
        </div>
        <div
          class="evm-grid"
        >
          <div
            class="evm-item"
          >
            <div
              class="evm-label"
            >
              PV
            </div>
            <div
              class="evm-value"
            >
              ￥1,000,000
            </div>
          </div>
          <div
            class="evm-item"
          >
            <div
              class="evm-label"
            >
              EV
            </div>
            <div
              class="evm-value"
            >
              ￥800,000
            </div>
          </div>
          <div
            class="evm-item"
          >
            <div
              class="evm-label"
            >
              AC
            </div>
            <div
              class="evm-value"
            >
              ￥900,000
            </div>
          </div>
          <div
            class="evm-item"
          >
            <div
              class="evm-label"
            >
              SV
            </div>
            <div
              class="evm-value"
            >
              -￥200,000
            </div>
          </div>
          <div
            class="evm-item"
          >
            <div
              class="evm-label"
            >
              CV
            </div>
            <div
              class="evm-value"
            >
              -￥100,000
            </div>
          </div>
          <div
            class="evm-item"
          >
            <div
              class="evm-label"
            >
              SPI
            </div>
            <div
              class="evm-value"
            >
              0.80
            </div>
          </div>
          <div
            class="evm-item"
          >
            <div
              class="evm-label"
            >
              CPI
            </div>
            <div
              class="evm-value"
            >
              0.89
            </div>
          </div>
        </div>
      </div>
    </aside>
  </div>
</DocumentFragment>
`;
